###############################################################################
#
# IAR ELF Linker V3.10.1.201 for STM8                     21/Nov/2018  18:04:25
# Copyright 2010-2017 IAR Systems AB.
#
#    Output file  =  
#        D:\Data\Singlechip\STM8\STM8 Test\Project\TRH\Debug\Exe\TRH.out
#    Map file     =  
#        D:\Data\Singlechip\STM8\STM8 Test\Project\TRH\Debug\List\TRH.map
#    Command line =  
#        -f C:\Users\FlipFire\AppData\Local\Temp\EW5DC0.tmp
#        ("D:\Data\Singlechip\STM8\STM8 Test\Project\TRH\Debug\Obj\main.o"
#        "D:\Data\Singlechip\STM8\STM8 Test\Project\TRH\Debug\Obj\stm8s_clk.o"
#        "D:\Data\Singlechip\STM8\STM8 Test\Project\TRH\Debug\Obj\stm8s_gpio.o"
#        --redirect _Printf=_PrintfFullNoMb --redirect _Scanf=_ScanfFullNoMb -o
#        "D:\Data\Singlechip\STM8\STM8 Test\Project\TRH\Debug\Exe\TRH.out"
#        --map "D:\Data\Singlechip\STM8\STM8
#        Test\Project\TRH\Debug\List\TRH.map" --config "D:\Program Files
#        (x86)\IAR Systems\Embedded Workbench
#        8.0\stm8\config\lnkstm8s003f3.icf" --config_def _CSTACK_SIZE=0x100
#        --config_def _HEAP_SIZE=0x100 --entry __iar_program_start --debug_lib)
#
###############################################################################

*******************************************************************************
*** RUNTIME MODEL ATTRIBUTES
***

__SystemLibrary            = DLib
__code_model               = medium_or_large
__core                     = stm8
__data_model               = medium
__dlib_file_descriptor     = 0
__dlib_full_locale_support = 0
__rt_version               = 4


*******************************************************************************
*** PLACEMENT SUMMARY
***

"A0":  place at start of [0x000000-0x0000ff] { rw section .vregs };
"A1":  place at end of [0x000000-0x0003ff] { block CSTACK };
"P2":  place in [from 0x000000 to 0x0003ff] {
          block HEAP, rw section __DLIB_PERTHREAD, rw section .far.bss,
          rw section .far.data, rw section .far.noinit,
          rw section .far_func.textrw, rw section .huge.bss,
          rw section .huge.data, rw section .huge.noinit,
          rw section .huge_func.textrw, rw section .iar.dynexit,
          rw section .near.bss, rw section .near.data, rw section .near.noinit,
          rw section .near_func.textrw };
"A2":  place at start of [0x008000-0x009fff] { block INTVEC };
"P3":  place in [from 0x008000 to 0x009fff] {
          ro section __DLIB_PERTHREAD_init, ro section .far.data_init,
          ro section .far_func.textrw_init, ro section .huge.data_init,
          ro section .huge_func.textrw_init, ro section .iar.init_table,
          ro section .init_array, ro section .near.data_init,
          ro section .near.rodata, ro section .near_func.text,
          ro section .near_func.textrw_init, ro section .tiny.data_init,
          ro section .tiny.rodata_init };
"P4":  place in [from 0x008000 to 0x009fff] {
          ro section .far.rodata, ro section .far_func.text };
"P5":  place in [from 0x008000 to 0x009fff] {
          ro section .huge.rodata, ro section .huge_func.text };
do not initialize {
   rw section .eeprom.noinit, rw section .far.noinit, rw section .huge.noinit,
   rw section .near.noinit, rw section .tiny.noinit, rw section .vregs };

  Section          Kind      Address   Size  Object
  -------          ----      -------   ----  ------
"A0":                                  0x10
  .vregs           uninit   0x000000   0x10  vregs.o [4]
                          - 0x000010   0x10

"P2":                                   0xc
  .near.bss        zero     0x000010    0x5  main.o [1]
  .near.bss        zero     0x000015    0x1  main.o [1]
  .near.bss        zero     0x000016    0x1  main.o [1]
  .near.bss        zero     0x000017    0x1  main.o [1]
  .near.bss        zero     0x000018    0x1  main.o [1]
  .near.bss        zero     0x000019    0x1  main.o [1]
  .near.bss        zero     0x00001a    0x1  main.o [1]
  .near.bss        zero     0x00001b    0x1  main.o [1]
                          - 0x00001c    0xc

"A1":                                 0x100
  CSTACK                    0x000300  0x100  <Block>
    CSTACK         uninit   0x000300  0x100  <Block tail>
                          - 0x000400  0x100

"A2":                                  0x80
  INTVEC                    0x008000   0x80  <Block>
    .intvec        const    0x008000   0x80  interrupt.o [4]
                          - 0x008080   0x80

"P3-P5":                              0x523
  .far_func.text   ro code  0x008080  0x115  stm8s_gpio.o [1]
  .far_func.text   ro code  0x008195  0x100  main.o [1]
  .far_func.text   ro code  0x008295   0x94  main.o [1]
  .far_func.text   ro code  0x008329   0x76  vreg_util.o [4]
  .near.rodata     const    0x00839f   0x54  stm8s_gpio.o [1]
  .near.rodata     const    0x0083f3   0x53  stm8s_clk.o [1]
  .far_func.text   ro code  0x008446   0x41  main.o [1]
  .far_func.text   ro code  0x008487   0x3e  stm8s_clk.o [1]
  .iar.init_table  const    0x0084c5    0x9  - Linker created -
  .far_func.text   ro code  0x0084ce   0x1e  init.o [4]
  .far_func.text   ro code  0x0084ec   0x1e  init_small.o [4]
  .far_func.text   ro code  0x00850a   0x1b  main.o [1]
  .far_func.text   ro code  0x008525   0x1a  main.o [1]
  .far_func.text   ro code  0x00853f   0x17  cstartup.o [4]
  .far_func.text   ro code  0x008556   0x16  __dbg_xxexit.o [3]
  .far_func.text   ro code  0x00856c    0xe  far_util.o [4]
  .far_func.text   ro code  0x00857a    0x7  stm8s_gpio.o [1]
  .far_func.text   ro code  0x008581    0x7  stm8s_gpio.o [1]
  .far_func.text   ro code  0x008588    0x6  cexit.o [4]
  .far_func.text   ro code  0x00858e    0x4  stm8s_gpio.o [1]
  .far_func.text   ro code  0x008592    0x4  interrupt.o [4]
  .far_func.text   ro code  0x008596    0x4  exit.o [4]
  .far_func.text   ro code  0x00859a    0x3  low_level_init.o [4]
  .far_func.text   ro code  0x00859d    0x3  unhandled_exception.o [4]
  .far_func.text   ro code  0x0085a0    0x2  main.o [1]
  .far_func.text   ro code  0x0085a2    0x1  __dbg_break.o [3]
                          - 0x0085a3  0x523


*******************************************************************************
*** INIT TABLE
***

          Address   Size
          -------   ----
Zero (__iar_zero_init2)
    1 destination range, total size 0xc:
          0x000010   0xc



*******************************************************************************
*** MODULE SUMMARY
***

    Module                 ro code  ro data  rw data
    ------                 -------  -------  -------
D:\Data\Singlechip\STM8\STM8 Test\Project\TRH\Debug\Obj: [1]
    main.o                     524                12
    stm8s_clk.o                 62       83
    stm8s_gpio.o               295       84
    ------------------------------------------------
    Total:                     881      167       12

command line: [2]
    ------------------------------------------------
    Total:

dbgstm8mmd.a: [3]
    __dbg_break.o                1
    __dbg_xxexit.o              22
    ------------------------------------------------
    Total:                      23

dlstm8mmn.a: [4]
    cexit.o                      6
    cstartup.o                  23
    exit.o                       4
    far_util.o                  14
    init.o                      30
    init_small.o                30
    interrupt.o                  4      128
    low_level_init.o             3
    unhandled_exception.o        3
    vreg_util.o                118
    vregs.o                                       16
    ------------------------------------------------
    Total:                     235      128       16

    Linker created                        9      256
----------------------------------------------------
    Grand Total:             1 139      304      284


*******************************************************************************
*** ENTRY LIST
***

Entry                    Address   Size  Type      Object
-----                    -------   ----  ----      ------
.iar.init_table$$Base   0x0084c5          --   Gb  - Linker created -
.iar.init_table$$Limit  0x0084ce          --   Gb  - Linker created -
?b0                     0x000000         Data  Gb  vregs.o [4]
?b1                     0x000001         Data  Gb  vregs.o [4]
?b10                    0x00000a         Data  Gb  vregs.o [4]
?b11                    0x00000b         Data  Gb  vregs.o [4]
?b12                    0x00000c         Data  Gb  vregs.o [4]
?b13                    0x00000d         Data  Gb  vregs.o [4]
?b14                    0x00000e         Data  Gb  vregs.o [4]
?b15                    0x00000f         Data  Gb  vregs.o [4]
?b2                     0x000002         Data  Gb  vregs.o [4]
?b3                     0x000003         Data  Gb  vregs.o [4]
?b4                     0x000004         Data  Gb  vregs.o [4]
?b5                     0x000005         Data  Gb  vregs.o [4]
?b6                     0x000006         Data  Gb  vregs.o [4]
?b7                     0x000007         Data  Gb  vregs.o [4]
?b8                     0x000008         Data  Gb  vregs.o [4]
?b9                     0x000009         Data  Gb  vregs.o [4]
?e0                     0x000001         Data  Gb  vregs.o [4]
?e1                     0x000005         Data  Gb  vregs.o [4]
?e2                     0x000009         Data  Gb  vregs.o [4]
?e3                     0x00000d         Data  Gb  vregs.o [4]
?epilogue_l2            0x008395         Code  Gb  vreg_util.o [4]
?epilogue_w4            0x00839a         Code  Gb  vreg_util.o [4]
?l0                     0x000000         Data  Gb  vregs.o [4]
?l1                     0x000004         Data  Gb  vregs.o [4]
?l2                     0x000008         Data  Gb  vregs.o [4]
?l3                     0x00000c         Data  Gb  vregs.o [4]
?load24_e1_0x           0x00856c         Code  Gb  far_util.o [4]
?pop_l2                 0x00837e         Code  Gb  vreg_util.o [4]
?pop_w4                 0x008345         Code  Gb  vreg_util.o [4]
?push_l2                0x008358         Code  Gb  vreg_util.o [4]
?push_w4                0x008329         Code  Gb  vreg_util.o [4]
?w0                     0x000000         Data  Gb  vregs.o [4]
?w1                     0x000002         Data  Gb  vregs.o [4]
?w2                     0x000004         Data  Gb  vregs.o [4]
?w3                     0x000006         Data  Gb  vregs.o [4]
?w4                     0x000008         Data  Gb  vregs.o [4]
?w5                     0x00000a         Data  Gb  vregs.o [4]
?w6                     0x00000c         Data  Gb  vregs.o [4]
?w7                     0x00000e         Data  Gb  vregs.o [4]
CLK_HSIPrescalerConfig  0x008487   0x3e  Code  Gb  stm8s_clk.o [1]
COM                     0x008295   0x94  Code  Gb  main.o [1]
CSTACK$$Base            0x000300          --   Gb  - Linker created -
CSTACK$$Limit           0x000400          --   Gb  - Linker created -
Delay_10us              0x008538    0x7  Code  Gb  main.o [1]
GPIO_Init               0x008080  0x115  Code  Gb  stm8s_gpio.o [1]
GPIO_ReadInputPin       0x008581    0x7  Code  Gb  stm8s_gpio.o [1]
GPIO_WriteHigh          0x00857a    0x7  Code  Gb  stm8s_gpio.o [1]
GPIO_WriteLow           0x00858e    0x4  Code  Gb  stm8s_gpio.o [1]
INTVEC$$Base            0x008000          --   Gb  - Linker created -
INTVEC$$Limit           0x008080          --   Gb  - Linker created -
RH                      0x008195  0x100  Code  Gb  main.o [1]
Region$$Table$$Base     0x0084c5          --   Gb  - Linker created -
Region$$Table$$Limit    0x0084ce          --   Gb  - Linker created -
U8FLAG                  0x000015    0x1  Data  Gb  main.o [1]
U8RH_data_H             0x000019    0x1  Data  Gb  main.o [1]
U8RH_data_L             0x00001a    0x1  Data  Gb  main.o [1]
U8T_data_H              0x000017    0x1  Data  Gb  main.o [1]
U8T_data_L              0x000018    0x1  Data  Gb  main.o [1]
U8checkdata             0x00001b    0x1  Data  Gb  main.o [1]
U8temp                  0x000016    0x1  Data  Gb  main.o [1]
__DebugBreak            0x0085a2    0x1  Code  Gb  __dbg_break.o [3]
__exit                  0x008556   0x16  Code  Gb  __dbg_xxexit.o [3]
__iar_data_init2        0x0084ce   0x1e  Code  Gb  init.o [4]
__iar_program_start     0x00853f         Code  Gb  cstartup.o [4]
__iar_unhandled_exception
                        0x00859d         Code  Gb  unhandled_exception.o [4]
__iar_zero_init2        0x0084ec         Code  Gb  init_small.o [4]
__intvec                0x008000         Data  Gb  interrupt.o [4]
__low_level_init        0x00859a    0x3  Code  Gb  low_level_init.o [4]
_exit                   0x008588         Code  Gb  cexit.o [4]
assert_failed           0x0085a0    0x2  Code  Gb  main.o [1]
delay_ms                0x00850a   0x1b  Code  Gb  main.o [1]
delay_us                0x008525   0x13  Code  Gb  main.o [1]
exit                    0x008596    0x4  Code  Gb  exit.o [4]
main                    0x008446   0x41  Code  Gb  main.o [1]
str                     0x000010    0x5  Data  Gb  main.o [1]


[1] = D:\Data\Singlechip\STM8\STM8 Test\Project\TRH\Debug\Obj
[2] = command line
[3] = dbgstm8mmd.a
[4] = dlstm8mmn.a

  1 139 bytes of readonly  code memory
    304 bytes of readonly  data memory
    284 bytes of readwrite data memory

Errors: none
Warnings: none
